---
source: tui/src/diff_render.rs
expression: terminal.backend()
---
"proposed patch to 1 file (+1 -1)                                                "
"  └ README.md                                                                   "
"    1     -# Beacon Code CLI (Rust Implementation)                              "
"    1     +# Beacon Code CLI (Rust Implementation) banana                       "
"                                                                                "
"                                                                                "
"                                                                                "
"                                                                                "
